// Jest Snapshot v1, https://goo.gl/fbAQLP

exports[`Logout Dialog Component should compile 1`] = `
<ng-component>
  <ds-modal>
  </ds-modal>
</ng-component>
`;
