// Jest Snapshot v1, https://goo.gl/fbAQLP

exports[`Collection Page should compile 1`] = `
<ds-collection-page
  books$={[Function _Store]}
  iconColors={[Function Object]}
  icons={[Function Object]}
  store={[Function _MockStore]}
>
  <ul
    class="grid grid-cols-1 gap-6 sm:grid-cols-2 md:grid-cols-3"
    role="list"
  >
    <ds-book-card>
      <li
        class="col-span-1 flex flex-col divide-y divide-gray-200 rounded-lg bg-white text-center shadow min-h-[510px]"
      >
        <div
          class="flex flex-1 flex-col p-8"
        >
          <div
            class="mx-auto flex-shrink-0"
          >
            <ds-image>
              <div
                class="image-container"
                style="height: 185px; width: 100%;"
              >
                <svg
                  height="40px"
                  id="loader-1"
                  style="enable-background: new 0 0 50 50;"
                  version="1.1"
                  viewBox="0 0 50 50"
                  width="40px"
                  x="0px"
                  xml:space="preserve"
                  xmlns="http://www.w3.org/2000/svg"
                  xmlns:xlink="http://www.w3.org/1999/xlink"
                  y="0px"
                >
                  <path
                    background="deeppink"
                    d="M43.935,25.145c0-10.318-8.364-18.683-18.683-18.683c-10.318,0-18.683,8.365-18.683,18.683h4.068c0-8.071,6.543-14.615,14.615-14.615c8.072,0,14.615,6.543,14.615,14.615H43.935z"
                    fill="#31373c"
                  >
                    <animatetransform
                      attributeName="transform"
                      attributeType="xml"
                      dur="0.6s"
                      from="0 25 25"
                      repeatCount="indefinite"
                      to="360 25 25"
                      type="rotate"
                    />
                  </path>
                </svg>
                <img
                  alt="ds-image"
                  class="hidden"
                  src="string"
                  style="height: 185px; width: 100%;"
                />
              </div>
            </ds-image>
          </div>
          <h3
            class="mt-6 text-base font-bold text-gray-900"
          >
            title
          </h3>
          <dl
            class="mt-1 flex flex-grow flex-col justify-between"
          >
            <dd
              class="text-sm text-gray-500"
            >
              description
            </dd>
            <dd
              class="mt-3"
            >
              <span
                class="inline-flex items-center rounded-full bg-primary-p300-main m-1 px-2 py-1 text-xs font-medium text-primary-p100 ring-1 ring-inset ring-primary-p300"
              >
                author
              </span>
            </dd>
          </dl>
        </div>
        <div
          class="-mt-px flex divide-x divide-gray-200"
        >
          <div
            class="flex w-0 flex-1"
          >
            <a
              class="relative -mr-px inline-flex w-0 flex-1 items-center justify-center gap-x-3 rounded-bl-lg border border-transparent py-4 text-sm font-bold text-neutral-n500 hover:text-primary-p500 overflow-hidden"
              href="/books/1"
            >
              <ds-icon>
                <file-icon>
                  <svg
                    fill="none"
                    height="20px"
                    style="height: 20px; width: 20px;"
                    viewBox="0 0 16 16"
                    width="20px"
                    xmlns="http://www.w3.org/2000/svg"
                  >
                    <g
                      opacity="0.6"
                    >
                      <path
                        class="fill-primary-p400"
                        d="M3.3335 1.33325V14.6666H13.3335V4.71274L13.1935 4.55377L10.1935 1.47684L10.0385 1.33325H3.3335ZM4.3335 2.35889H9.3335V5.43582H12.3335V13.6409H4.3335V2.35889ZM10.3335 3.07684L11.6135 4.41018H10.3335V3.07684Z"
                      />
                    </g>
                  </svg>
                </file-icon>
              </ds-icon>
               BOOKS.COLLECTION.SHOW_DETAILS 
            </a>
          </div>
        </div>
      </li>
    </ds-book-card>
  </ul>
</ds-collection-page>
`;
